Analysis & Synthesis report for EightbitKogStonAddSub
Sat Mar 13 23:04:45 2021
Quartus Prime Version 20.1.1 Build 720 11/11/2020 SJ Lite Edition


---------------------
; Table of Contents ;
---------------------
  1. Legal Notice
  2. Analysis & Synthesis Summary
  3. Analysis & Synthesis Settings
  4. Parallel Compilation
  5. Analysis & Synthesis Source Files Read
  6. Analysis & Synthesis Resource Usage Summary
  7. Analysis & Synthesis Resource Utilization by Entity
  8. General Register Statistics
  9. Port Connectivity Checks: "Node:\level0:1:NodeInst0|OrMux:OrInst|TwoByOneMux:Mux0"
 10. Port Connectivity Checks: "PreProcess:pre_process|AndMux:\pretag:0:pre_AndInst|TwoByOneMux:Mux0"
 11. Port Connectivity Checks: "PreProcess:pre_process|XorMux:\pretag:0:pre_XorInst1|TwoByOneMux:Mux0"
 12. Post-Synthesis Netlist Statistics for Top Partition
 13. Elapsed Time Per Partition
 14. Analysis & Synthesis Messages



----------------
; Legal Notice ;
----------------
Copyright (C) 2020  Intel Corporation. All rights reserved.
Your use of Intel Corporation's design tools, logic functions 
and other software and tools, and any partner logic 
functions, and any output files from any of the foregoing 
(including device programming or simulation files), and any 
associated documentation or information are expressly subject 
to the terms and conditions of the Intel Program License 
Subscription Agreement, the Intel Quartus Prime License Agreement,
the Intel FPGA IP License Agreement, or other applicable license
agreement, including, without limitation, that your use is for
the sole purpose of programming logic devices manufactured by
Intel and sold by Intel or its authorized distributors.  Please
refer to the applicable agreement for further details, at
https://fpgasoftware.intel.com/eula.



+-------------------------------------------------------------------------------+
; Analysis & Synthesis Summary                                                  ;
+---------------------------------+---------------------------------------------+
; Analysis & Synthesis Status     ; Successful - Sat Mar 13 23:04:45 2021       ;
; Quartus Prime Version           ; 20.1.1 Build 720 11/11/2020 SJ Lite Edition ;
; Revision Name                   ; EightbitKogStonAddSub                       ;
; Top-level Entity Name           ; EightbitKogStonAddSub                       ;
; Family                          ; Cyclone V                                   ;
; Logic utilization (in ALMs)     ; N/A                                         ;
; Total registers                 ; 0                                           ;
; Total pins                      ; 26                                          ;
; Total virtual pins              ; 0                                           ;
; Total block memory bits         ; 0                                           ;
; Total DSP Blocks                ; 0                                           ;
; Total HSSI RX PCSs              ; 0                                           ;
; Total HSSI PMA RX Deserializers ; 0                                           ;
; Total HSSI TX PCSs              ; 0                                           ;
; Total HSSI PMA TX Serializers   ; 0                                           ;
; Total PLLs                      ; 0                                           ;
; Total DLLs                      ; 0                                           ;
+---------------------------------+---------------------------------------------+


+---------------------------------------------------------------------------------------------------------------------------------+
; Analysis & Synthesis Settings                                                                                                   ;
+---------------------------------------------------------------------------------+-----------------------+-----------------------+
; Option                                                                          ; Setting               ; Default Value         ;
+---------------------------------------------------------------------------------+-----------------------+-----------------------+
; Device                                                                          ; 5CGXFC7C7F23C8        ;                       ;
; Top-level entity name                                                           ; EightbitKogStonAddSub ; EightbitKogStonAddSub ;
; Family name                                                                     ; Cyclone V             ; Cyclone V             ;
; Use smart compilation                                                           ; Off                   ; Off                   ;
; Enable parallel Assembler and Timing Analyzer during compilation                ; On                    ; On                    ;
; Enable compact report table                                                     ; Off                   ; Off                   ;
; Restructure Multiplexers                                                        ; Auto                  ; Auto                  ;
; MLAB Add Timing Constraints For Mixed-Port Feed-Through Mode Setting Don't Care ; Off                   ; Off                   ;
; Create Debugging Nodes for IP Cores                                             ; Off                   ; Off                   ;
; Preserve fewer node names                                                       ; On                    ; On                    ;
; Intel FPGA IP Evaluation Mode                                                   ; Enable                ; Enable                ;
; Verilog Version                                                                 ; Verilog_2001          ; Verilog_2001          ;
; VHDL Version                                                                    ; VHDL_1993             ; VHDL_1993             ;
; State Machine Processing                                                        ; Auto                  ; Auto                  ;
; Safe State Machine                                                              ; Off                   ; Off                   ;
; Extract Verilog State Machines                                                  ; On                    ; On                    ;
; Extract VHDL State Machines                                                     ; On                    ; On                    ;
; Ignore Verilog initial constructs                                               ; Off                   ; Off                   ;
; Iteration limit for constant Verilog loops                                      ; 5000                  ; 5000                  ;
; Iteration limit for non-constant Verilog loops                                  ; 250                   ; 250                   ;
; Add Pass-Through Logic to Inferred RAMs                                         ; On                    ; On                    ;
; Infer RAMs from Raw Logic                                                       ; On                    ; On                    ;
; Parallel Synthesis                                                              ; On                    ; On                    ;
; DSP Block Balancing                                                             ; Auto                  ; Auto                  ;
; NOT Gate Push-Back                                                              ; On                    ; On                    ;
; Power-Up Don't Care                                                             ; On                    ; On                    ;
; Remove Redundant Logic Cells                                                    ; Off                   ; Off                   ;
; Remove Duplicate Registers                                                      ; On                    ; On                    ;
; Ignore CARRY Buffers                                                            ; Off                   ; Off                   ;
; Ignore CASCADE Buffers                                                          ; Off                   ; Off                   ;
; Ignore GLOBAL Buffers                                                           ; Off                   ; Off                   ;
; Ignore ROW GLOBAL Buffers                                                       ; Off                   ; Off                   ;
; Ignore LCELL Buffers                                                            ; Off                   ; Off                   ;
; Ignore SOFT Buffers                                                             ; On                    ; On                    ;
; Limit AHDL Integers to 32 Bits                                                  ; Off                   ; Off                   ;
; Optimization Technique                                                          ; Balanced              ; Balanced              ;
; Carry Chain Length                                                              ; 70                    ; 70                    ;
; Auto Carry Chains                                                               ; On                    ; On                    ;
; Auto Open-Drain Pins                                                            ; On                    ; On                    ;
; Perform WYSIWYG Primitive Resynthesis                                           ; Off                   ; Off                   ;
; Auto ROM Replacement                                                            ; On                    ; On                    ;
; Auto RAM Replacement                                                            ; On                    ; On                    ;
; Auto DSP Block Replacement                                                      ; On                    ; On                    ;
; Auto Shift Register Replacement                                                 ; Auto                  ; Auto                  ;
; Allow Shift Register Merging across Hierarchies                                 ; Auto                  ; Auto                  ;
; Auto Clock Enable Replacement                                                   ; On                    ; On                    ;
; Strict RAM Replacement                                                          ; Off                   ; Off                   ;
; Allow Synchronous Control Signals                                               ; On                    ; On                    ;
; Force Use of Synchronous Clear Signals                                          ; Off                   ; Off                   ;
; Auto Resource Sharing                                                           ; Off                   ; Off                   ;
; Allow Any RAM Size For Recognition                                              ; Off                   ; Off                   ;
; Allow Any ROM Size For Recognition                                              ; Off                   ; Off                   ;
; Allow Any Shift Register Size For Recognition                                   ; Off                   ; Off                   ;
; Use LogicLock Constraints during Resource Balancing                             ; On                    ; On                    ;
; Ignore translate_off and synthesis_off directives                               ; Off                   ; Off                   ;
; Timing-Driven Synthesis                                                         ; On                    ; On                    ;
; Report Parameter Settings                                                       ; On                    ; On                    ;
; Report Source Assignments                                                       ; On                    ; On                    ;
; Report Connectivity Checks                                                      ; On                    ; On                    ;
; Ignore Maximum Fan-Out Assignments                                              ; Off                   ; Off                   ;
; Synchronization Register Chain Length                                           ; 3                     ; 3                     ;
; Power Optimization During Synthesis                                             ; Normal compilation    ; Normal compilation    ;
; HDL message level                                                               ; Level2                ; Level2                ;
; Suppress Register Optimization Related Messages                                 ; Off                   ; Off                   ;
; Number of Removed Registers Reported in Synthesis Report                        ; 5000                  ; 5000                  ;
; Number of Swept Nodes Reported in Synthesis Report                              ; 5000                  ; 5000                  ;
; Number of Inverted Registers Reported in Synthesis Report                       ; 100                   ; 100                   ;
; Clock MUX Protection                                                            ; On                    ; On                    ;
; Auto Gated Clock Conversion                                                     ; Off                   ; Off                   ;
; Block Design Naming                                                             ; Auto                  ; Auto                  ;
; SDC constraint protection                                                       ; Off                   ; Off                   ;
; Synthesis Effort                                                                ; Auto                  ; Auto                  ;
; Shift Register Replacement - Allow Asynchronous Clear Signal                    ; On                    ; On                    ;
; Pre-Mapping Resynthesis Optimization                                            ; Off                   ; Off                   ;
; Analysis & Synthesis Message Level                                              ; Medium                ; Medium                ;
; Disable Register Merging Across Hierarchies                                     ; Auto                  ; Auto                  ;
; Resource Aware Inference For Block RAM                                          ; On                    ; On                    ;
; Automatic Parallel Synthesis                                                    ; On                    ; On                    ;
; Partial Reconfiguration Bitstream ID                                            ; Off                   ; Off                   ;
+---------------------------------------------------------------------------------+-----------------------+-----------------------+


+------------------------------------------+
; Parallel Compilation                     ;
+----------------------------+-------------+
; Processors                 ; Number      ;
+----------------------------+-------------+
; Number detected on machine ; 12          ;
; Maximum allowed            ; 6           ;
;                            ;             ;
; Average used               ; 1.00        ;
; Maximum used               ; 1           ;
;                            ;             ;
; Usage by Processor         ; % Time Used ;
;     Processor 1            ; 100.0%      ;
+----------------------------+-------------+


+------------------------------------------------------------------------------------------------------------------------------------------------------+
; Analysis & Synthesis Source Files Read                                                                                                               ;
+-------------------------------------+-----------------+-----------------+------------------------------------------------------------------+---------+
; File Name with User-Entered Path    ; Used in Netlist ; File Type       ; File Name with Absolute Path                                     ; Library ;
+-------------------------------------+-----------------+-----------------+------------------------------------------------------------------+---------+
; Testbench_EightbitKogStonAddSub.vhd ; yes             ; User VHDL File  ; G:/My Drive/sem4/CS 254/Lab5/Testbench_EightbitKogStonAddSub.vhd ;         ;
; Node.vhd                            ; yes             ; User VHDL File  ; G:/My Drive/sem4/CS 254/Lab5/Node.vhd                            ;         ;
; TwoByOneMux.vhd                     ; yes             ; User VHDL File  ; G:/My Drive/sem4/CS 254/Lab5/TwoByOneMux.vhd                     ;         ;
; OrGate.vhd                          ; yes             ; User VHDL File  ; G:/My Drive/sem4/CS 254/Lab5/OrGate.vhd                          ;         ;
; NotGate.vhd                         ; yes             ; User VHDL File  ; G:/My Drive/sem4/CS 254/Lab5/NotGate.vhd                         ;         ;
; AndGate.vhd                         ; yes             ; User VHDL File  ; G:/My Drive/sem4/CS 254/Lab5/AndGate.vhd                         ;         ;
; EightbitKogStonAddSub.vhd           ; yes             ; User VHDL File  ; G:/My Drive/sem4/CS 254/Lab5/EightbitKogStonAddSub.vhd           ;         ;
; AndMux.vhd                          ; yes             ; User VHDL File  ; G:/My Drive/sem4/CS 254/Lab5/AndMux.vhd                          ;         ;
; OrMux.vhd                           ; yes             ; User VHDL File  ; G:/My Drive/sem4/CS 254/Lab5/OrMux.vhd                           ;         ;
; NotMux.vhd                          ; yes             ; User VHDL File  ; G:/My Drive/sem4/CS 254/Lab5/NotMux.vhd                          ;         ;
; XorMux.vhd                          ; yes             ; User VHDL File  ; G:/My Drive/sem4/CS 254/Lab5/XorMux.vhd                          ;         ;
; PreProcess.vhd                      ; yes             ; User VHDL File  ; G:/My Drive/sem4/CS 254/Lab5/PreProcess.vhd                      ;         ;
; PostProcess.vhd                     ; yes             ; User VHDL File  ; G:/My Drive/sem4/CS 254/Lab5/PostProcess.vhd                     ;         ;
+-------------------------------------+-----------------+-----------------+------------------------------------------------------------------+---------+


+---------------------------------------------------------+
; Analysis & Synthesis Resource Usage Summary             ;
+---------------------------------------------+-----------+
; Resource                                    ; Usage     ;
+---------------------------------------------+-----------+
; Estimate of Logic utilization (ALMs needed) ; 19        ;
;                                             ;           ;
; Combinational ALUT usage for logic          ; 35        ;
;     -- 7 input functions                    ; 0         ;
;     -- 6 input functions                    ; 3         ;
;     -- 5 input functions                    ; 19        ;
;     -- 4 input functions                    ; 2         ;
;     -- <=3 input functions                  ; 11        ;
;                                             ;           ;
; Dedicated logic registers                   ; 0         ;
;                                             ;           ;
; I/O pins                                    ; 26        ;
;                                             ;           ;
; Total DSP Blocks                            ; 0         ;
;                                             ;           ;
; Maximum fan-out node                        ; cin~input ;
; Maximum fan-out                             ; 21        ;
; Total fan-out                               ; 186       ;
; Average fan-out                             ; 2.14      ;
+---------------------------------------------+-----------+


+---------------------------------------------------------------------------------------------------------------------------------------------------------------------------------------------------------------------------------------------------------------------------------------------------------------+
; Analysis & Synthesis Resource Utilization by Entity                                                                                                                                                                                                                                                           ;
+-------------------------------------------+---------------------+---------------------------+-------------------+------------+------+--------------+-------------------------------------------------------------------------------------------------------------------+-----------------------+--------------+
; Compilation Hierarchy Node                ; Combinational ALUTs ; Dedicated Logic Registers ; Block Memory Bits ; DSP Blocks ; Pins ; Virtual Pins ; Full Hierarchy Name                                                                                               ; Entity Name           ; Library Name ;
+-------------------------------------------+---------------------+---------------------------+-------------------+------------+------+--------------+-------------------------------------------------------------------------------------------------------------------+-----------------------+--------------+
; |EightbitKogStonAddSub                    ; 35 (0)              ; 0 (0)                     ; 0                 ; 0          ; 26   ; 0            ; |EightbitKogStonAddSub                                                                                            ; EightbitKogStonAddSub ; work         ;
;    |Node:\level0:2:NodeInst0|             ; 1 (0)               ; 0 (0)                     ; 0                 ; 0          ; 0    ; 0            ; |EightbitKogStonAddSub|Node:\level0:2:NodeInst0                                                                   ; Node                  ; work         ;
;       |AndMux:AndInst0|                   ; 1 (0)               ; 0 (0)                     ; 0                 ; 0          ; 0    ; 0            ; |EightbitKogStonAddSub|Node:\level0:2:NodeInst0|AndMux:AndInst0                                                   ; AndMux                ; work         ;
;          |TwoByOneMux:Mux0|               ; 1 (0)               ; 0 (0)                     ; 0                 ; 0          ; 0    ; 0            ; |EightbitKogStonAddSub|Node:\level0:2:NodeInst0|AndMux:AndInst0|TwoByOneMux:Mux0                                  ; TwoByOneMux           ; work         ;
;             |AndGate:AndInst1|            ; 1 (1)               ; 0 (0)                     ; 0                 ; 0          ; 0    ; 0            ; |EightbitKogStonAddSub|Node:\level0:2:NodeInst0|AndMux:AndInst0|TwoByOneMux:Mux0|AndGate:AndInst1                 ; AndGate               ; work         ;
;    |Node:\level0:5:NodeInst0|             ; 1 (0)               ; 0 (0)                     ; 0                 ; 0          ; 0    ; 0            ; |EightbitKogStonAddSub|Node:\level0:5:NodeInst0                                                                   ; Node                  ; work         ;
;       |AndMux:AndInst0|                   ; 1 (0)               ; 0 (0)                     ; 0                 ; 0          ; 0    ; 0            ; |EightbitKogStonAddSub|Node:\level0:5:NodeInst0|AndMux:AndInst0                                                   ; AndMux                ; work         ;
;          |TwoByOneMux:Mux0|               ; 1 (0)               ; 0 (0)                     ; 0                 ; 0          ; 0    ; 0            ; |EightbitKogStonAddSub|Node:\level0:5:NodeInst0|AndMux:AndInst0|TwoByOneMux:Mux0                                  ; TwoByOneMux           ; work         ;
;             |AndGate:AndInst1|            ; 1 (1)               ; 0 (0)                     ; 0                 ; 0          ; 0    ; 0            ; |EightbitKogStonAddSub|Node:\level0:5:NodeInst0|AndMux:AndInst0|TwoByOneMux:Mux0|AndGate:AndInst1                 ; AndGate               ; work         ;
;    |PostProcess:post_process|             ; 24 (0)              ; 0 (0)                     ; 0                 ; 0          ; 0    ; 0            ; |EightbitKogStonAddSub|PostProcess:post_process                                                                   ; PostProcess           ; work         ;
;       |OrMux:\carry_calc1:1:post_OrInst0| ; 1 (0)               ; 0 (0)                     ; 0                 ; 0          ; 0    ; 0            ; |EightbitKogStonAddSub|PostProcess:post_process|OrMux:\carry_calc1:1:post_OrInst0                                 ; OrMux                 ; work         ;
;          |TwoByOneMux:Mux0|               ; 1 (0)               ; 0 (0)                     ; 0                 ; 0          ; 0    ; 0            ; |EightbitKogStonAddSub|PostProcess:post_process|OrMux:\carry_calc1:1:post_OrInst0|TwoByOneMux:Mux0                ; TwoByOneMux           ; work         ;
;             |OrGate:OrInst0|              ; 1 (1)               ; 0 (0)                     ; 0                 ; 0          ; 0    ; 0            ; |EightbitKogStonAddSub|PostProcess:post_process|OrMux:\carry_calc1:1:post_OrInst0|TwoByOneMux:Mux0|OrGate:OrInst0 ; OrGate                ; work         ;
;       |OrMux:\carry_calc1:2:post_OrInst0| ; 2 (0)               ; 0 (0)                     ; 0                 ; 0          ; 0    ; 0            ; |EightbitKogStonAddSub|PostProcess:post_process|OrMux:\carry_calc1:2:post_OrInst0                                 ; OrMux                 ; work         ;
;          |TwoByOneMux:Mux0|               ; 2 (0)               ; 0 (0)                     ; 0                 ; 0          ; 0    ; 0            ; |EightbitKogStonAddSub|PostProcess:post_process|OrMux:\carry_calc1:2:post_OrInst0|TwoByOneMux:Mux0                ; TwoByOneMux           ; work         ;
;             |OrGate:OrInst0|              ; 2 (2)               ; 0 (0)                     ; 0                 ; 0          ; 0    ; 0            ; |EightbitKogStonAddSub|PostProcess:post_process|OrMux:\carry_calc1:2:post_OrInst0|TwoByOneMux:Mux0|OrGate:OrInst0 ; OrGate                ; work         ;
;       |OrMux:\carry_calc1:3:post_OrInst0| ; 2 (0)               ; 0 (0)                     ; 0                 ; 0          ; 0    ; 0            ; |EightbitKogStonAddSub|PostProcess:post_process|OrMux:\carry_calc1:3:post_OrInst0                                 ; OrMux                 ; work         ;
;          |TwoByOneMux:Mux0|               ; 2 (0)               ; 0 (0)                     ; 0                 ; 0          ; 0    ; 0            ; |EightbitKogStonAddSub|PostProcess:post_process|OrMux:\carry_calc1:3:post_OrInst0|TwoByOneMux:Mux0                ; TwoByOneMux           ; work         ;
;             |OrGate:OrInst0|              ; 2 (2)               ; 0 (0)                     ; 0                 ; 0          ; 0    ; 0            ; |EightbitKogStonAddSub|PostProcess:post_process|OrMux:\carry_calc1:3:post_OrInst0|TwoByOneMux:Mux0|OrGate:OrInst0 ; OrGate                ; work         ;
;       |OrMux:post_OrInst1|                ; 3 (0)               ; 0 (0)                     ; 0                 ; 0          ; 0    ; 0            ; |EightbitKogStonAddSub|PostProcess:post_process|OrMux:post_OrInst1                                                ; OrMux                 ; work         ;
;          |TwoByOneMux:Mux0|               ; 3 (0)               ; 0 (0)                     ; 0                 ; 0          ; 0    ; 0            ; |EightbitKogStonAddSub|PostProcess:post_process|OrMux:post_OrInst1|TwoByOneMux:Mux0                               ; TwoByOneMux           ; work         ;
;             |OrGate:OrInst0|              ; 3 (3)               ; 0 (0)                     ; 0                 ; 0          ; 0    ; 0            ; |EightbitKogStonAddSub|PostProcess:post_process|OrMux:post_OrInst1|TwoByOneMux:Mux0|OrGate:OrInst0                ; OrGate                ; work         ;
;       |XorMux:\sum_calc:1:post_XorInst3|  ; 1 (0)               ; 0 (0)                     ; 0                 ; 0          ; 0    ; 0            ; |EightbitKogStonAddSub|PostProcess:post_process|XorMux:\sum_calc:1:post_XorInst3                                  ; XorMux                ; work         ;
;          |TwoByOneMux:Mux1|               ; 1 (0)               ; 0 (0)                     ; 0                 ; 0          ; 0    ; 0            ; |EightbitKogStonAddSub|PostProcess:post_process|XorMux:\sum_calc:1:post_XorInst3|TwoByOneMux:Mux1                 ; TwoByOneMux           ; work         ;
;             |OrGate:OrInst0|              ; 1 (1)               ; 0 (0)                     ; 0                 ; 0          ; 0    ; 0            ; |EightbitKogStonAddSub|PostProcess:post_process|XorMux:\sum_calc:1:post_XorInst3|TwoByOneMux:Mux1|OrGate:OrInst0  ; OrGate                ; work         ;
;       |XorMux:\sum_calc:2:post_XorInst3|  ; 1 (0)               ; 0 (0)                     ; 0                 ; 0          ; 0    ; 0            ; |EightbitKogStonAddSub|PostProcess:post_process|XorMux:\sum_calc:2:post_XorInst3                                  ; XorMux                ; work         ;
;          |TwoByOneMux:Mux1|               ; 1 (0)               ; 0 (0)                     ; 0                 ; 0          ; 0    ; 0            ; |EightbitKogStonAddSub|PostProcess:post_process|XorMux:\sum_calc:2:post_XorInst3|TwoByOneMux:Mux1                 ; TwoByOneMux           ; work         ;
;             |OrGate:OrInst0|              ; 1 (1)               ; 0 (0)                     ; 0                 ; 0          ; 0    ; 0            ; |EightbitKogStonAddSub|PostProcess:post_process|XorMux:\sum_calc:2:post_XorInst3|TwoByOneMux:Mux1|OrGate:OrInst0  ; OrGate                ; work         ;
;       |XorMux:\sum_calc:3:post_XorInst3|  ; 1 (0)               ; 0 (0)                     ; 0                 ; 0          ; 0    ; 0            ; |EightbitKogStonAddSub|PostProcess:post_process|XorMux:\sum_calc:3:post_XorInst3                                  ; XorMux                ; work         ;
;          |TwoByOneMux:Mux1|               ; 1 (0)               ; 0 (0)                     ; 0                 ; 0          ; 0    ; 0            ; |EightbitKogStonAddSub|PostProcess:post_process|XorMux:\sum_calc:3:post_XorInst3|TwoByOneMux:Mux1                 ; TwoByOneMux           ; work         ;
;             |OrGate:OrInst0|              ; 1 (1)               ; 0 (0)                     ; 0                 ; 0          ; 0    ; 0            ; |EightbitKogStonAddSub|PostProcess:post_process|XorMux:\sum_calc:3:post_XorInst3|TwoByOneMux:Mux1|OrGate:OrInst0  ; OrGate                ; work         ;
;       |XorMux:\sum_calc:4:post_XorInst3|  ; 1 (0)               ; 0 (0)                     ; 0                 ; 0          ; 0    ; 0            ; |EightbitKogStonAddSub|PostProcess:post_process|XorMux:\sum_calc:4:post_XorInst3                                  ; XorMux                ; work         ;
;          |TwoByOneMux:Mux1|               ; 1 (0)               ; 0 (0)                     ; 0                 ; 0          ; 0    ; 0            ; |EightbitKogStonAddSub|PostProcess:post_process|XorMux:\sum_calc:4:post_XorInst3|TwoByOneMux:Mux1                 ; TwoByOneMux           ; work         ;
;             |OrGate:OrInst0|              ; 1 (1)               ; 0 (0)                     ; 0                 ; 0          ; 0    ; 0            ; |EightbitKogStonAddSub|PostProcess:post_process|XorMux:\sum_calc:4:post_XorInst3|TwoByOneMux:Mux1|OrGate:OrInst0  ; OrGate                ; work         ;
;       |XorMux:\sum_calc:5:post_XorInst3|  ; 3 (0)               ; 0 (0)                     ; 0                 ; 0          ; 0    ; 0            ; |EightbitKogStonAddSub|PostProcess:post_process|XorMux:\sum_calc:5:post_XorInst3                                  ; XorMux                ; work         ;
;          |TwoByOneMux:Mux1|               ; 3 (0)               ; 0 (0)                     ; 0                 ; 0          ; 0    ; 0            ; |EightbitKogStonAddSub|PostProcess:post_process|XorMux:\sum_calc:5:post_XorInst3|TwoByOneMux:Mux1                 ; TwoByOneMux           ; work         ;
;             |OrGate:OrInst0|              ; 3 (3)               ; 0 (0)                     ; 0                 ; 0          ; 0    ; 0            ; |EightbitKogStonAddSub|PostProcess:post_process|XorMux:\sum_calc:5:post_XorInst3|TwoByOneMux:Mux1|OrGate:OrInst0  ; OrGate                ; work         ;
;       |XorMux:\sum_calc:6:post_XorInst3|  ; 3 (0)               ; 0 (0)                     ; 0                 ; 0          ; 0    ; 0            ; |EightbitKogStonAddSub|PostProcess:post_process|XorMux:\sum_calc:6:post_XorInst3                                  ; XorMux                ; work         ;
;          |TwoByOneMux:Mux1|               ; 3 (0)               ; 0 (0)                     ; 0                 ; 0          ; 0    ; 0            ; |EightbitKogStonAddSub|PostProcess:post_process|XorMux:\sum_calc:6:post_XorInst3|TwoByOneMux:Mux1                 ; TwoByOneMux           ; work         ;
;             |OrGate:OrInst0|              ; 3 (3)               ; 0 (0)                     ; 0                 ; 0          ; 0    ; 0            ; |EightbitKogStonAddSub|PostProcess:post_process|XorMux:\sum_calc:6:post_XorInst3|TwoByOneMux:Mux1|OrGate:OrInst0  ; OrGate                ; work         ;
;       |XorMux:\sum_calc:7:post_XorInst3|  ; 5 (0)               ; 0 (0)                     ; 0                 ; 0          ; 0    ; 0            ; |EightbitKogStonAddSub|PostProcess:post_process|XorMux:\sum_calc:7:post_XorInst3                                  ; XorMux                ; work         ;
;          |TwoByOneMux:Mux1|               ; 5 (0)               ; 0 (0)                     ; 0                 ; 0          ; 0    ; 0            ; |EightbitKogStonAddSub|PostProcess:post_process|XorMux:\sum_calc:7:post_XorInst3|TwoByOneMux:Mux1                 ; TwoByOneMux           ; work         ;
;             |OrGate:OrInst0|              ; 5 (5)               ; 0 (0)                     ; 0                 ; 0          ; 0    ; 0            ; |EightbitKogStonAddSub|PostProcess:post_process|XorMux:\sum_calc:7:post_XorInst3|TwoByOneMux:Mux1|OrGate:OrInst0  ; OrGate                ; work         ;
;       |XorMux:post_XorInst1|              ; 1 (0)               ; 0 (0)                     ; 0                 ; 0          ; 0    ; 0            ; |EightbitKogStonAddSub|PostProcess:post_process|XorMux:post_XorInst1                                              ; XorMux                ; work         ;
;          |TwoByOneMux:Mux1|               ; 1 (0)               ; 0 (0)                     ; 0                 ; 0          ; 0    ; 0            ; |EightbitKogStonAddSub|PostProcess:post_process|XorMux:post_XorInst1|TwoByOneMux:Mux1                             ; TwoByOneMux           ; work         ;
;             |OrGate:OrInst0|              ; 1 (1)               ; 0 (0)                     ; 0                 ; 0          ; 0    ; 0            ; |EightbitKogStonAddSub|PostProcess:post_process|XorMux:post_XorInst1|TwoByOneMux:Mux1|OrGate:OrInst0              ; OrGate                ; work         ;
;    |PreProcess:pre_process|               ; 9 (0)               ; 0 (0)                     ; 0                 ; 0          ; 0    ; 0            ; |EightbitKogStonAddSub|PreProcess:pre_process                                                                     ; PreProcess            ; work         ;
;       |XorMux:\pretag:2:pre_XorInst1|     ; 1 (0)               ; 0 (0)                     ; 0                 ; 0          ; 0    ; 0            ; |EightbitKogStonAddSub|PreProcess:pre_process|XorMux:\pretag:2:pre_XorInst1                                       ; XorMux                ; work         ;
;          |TwoByOneMux:Mux1|               ; 1 (0)               ; 0 (0)                     ; 0                 ; 0          ; 0    ; 0            ; |EightbitKogStonAddSub|PreProcess:pre_process|XorMux:\pretag:2:pre_XorInst1|TwoByOneMux:Mux1                      ; TwoByOneMux           ; work         ;
;             |OrGate:OrInst0|              ; 1 (1)               ; 0 (0)                     ; 0                 ; 0          ; 0    ; 0            ; |EightbitKogStonAddSub|PreProcess:pre_process|XorMux:\pretag:2:pre_XorInst1|TwoByOneMux:Mux1|OrGate:OrInst0       ; OrGate                ; work         ;
;       |XorMux:\pretag:2:pre_XorInst2|     ; 1 (0)               ; 0 (0)                     ; 0                 ; 0          ; 0    ; 0            ; |EightbitKogStonAddSub|PreProcess:pre_process|XorMux:\pretag:2:pre_XorInst2                                       ; XorMux                ; work         ;
;          |TwoByOneMux:Mux1|               ; 1 (0)               ; 0 (0)                     ; 0                 ; 0          ; 0    ; 0            ; |EightbitKogStonAddSub|PreProcess:pre_process|XorMux:\pretag:2:pre_XorInst2|TwoByOneMux:Mux1                      ; TwoByOneMux           ; work         ;
;             |OrGate:OrInst0|              ; 1 (1)               ; 0 (0)                     ; 0                 ; 0          ; 0    ; 0            ; |EightbitKogStonAddSub|PreProcess:pre_process|XorMux:\pretag:2:pre_XorInst2|TwoByOneMux:Mux1|OrGate:OrInst0       ; OrGate                ; work         ;
;       |XorMux:\pretag:3:pre_XorInst2|     ; 2 (0)               ; 0 (0)                     ; 0                 ; 0          ; 0    ; 0            ; |EightbitKogStonAddSub|PreProcess:pre_process|XorMux:\pretag:3:pre_XorInst2                                       ; XorMux                ; work         ;
;          |TwoByOneMux:Mux1|               ; 2 (0)               ; 0 (0)                     ; 0                 ; 0          ; 0    ; 0            ; |EightbitKogStonAddSub|PreProcess:pre_process|XorMux:\pretag:3:pre_XorInst2|TwoByOneMux:Mux1                      ; TwoByOneMux           ; work         ;
;             |AndGate:AndInst0|            ; 1 (1)               ; 0 (0)                     ; 0                 ; 0          ; 0    ; 0            ; |EightbitKogStonAddSub|PreProcess:pre_process|XorMux:\pretag:3:pre_XorInst2|TwoByOneMux:Mux1|AndGate:AndInst0     ; AndGate               ; work         ;
;             |OrGate:OrInst0|              ; 1 (1)               ; 0 (0)                     ; 0                 ; 0          ; 0    ; 0            ; |EightbitKogStonAddSub|PreProcess:pre_process|XorMux:\pretag:3:pre_XorInst2|TwoByOneMux:Mux1|OrGate:OrInst0       ; OrGate                ; work         ;
;       |XorMux:\pretag:4:pre_XorInst2|     ; 1 (0)               ; 0 (0)                     ; 0                 ; 0          ; 0    ; 0            ; |EightbitKogStonAddSub|PreProcess:pre_process|XorMux:\pretag:4:pre_XorInst2                                       ; XorMux                ; work         ;
;          |TwoByOneMux:Mux1|               ; 1 (0)               ; 0 (0)                     ; 0                 ; 0          ; 0    ; 0            ; |EightbitKogStonAddSub|PreProcess:pre_process|XorMux:\pretag:4:pre_XorInst2|TwoByOneMux:Mux1                      ; TwoByOneMux           ; work         ;
;             |OrGate:OrInst0|              ; 1 (1)               ; 0 (0)                     ; 0                 ; 0          ; 0    ; 0            ; |EightbitKogStonAddSub|PreProcess:pre_process|XorMux:\pretag:4:pre_XorInst2|TwoByOneMux:Mux1|OrGate:OrInst0       ; OrGate                ; work         ;
;       |XorMux:\pretag:5:pre_XorInst2|     ; 2 (0)               ; 0 (0)                     ; 0                 ; 0          ; 0    ; 0            ; |EightbitKogStonAddSub|PreProcess:pre_process|XorMux:\pretag:5:pre_XorInst2                                       ; XorMux                ; work         ;
;          |TwoByOneMux:Mux1|               ; 2 (0)               ; 0 (0)                     ; 0                 ; 0          ; 0    ; 0            ; |EightbitKogStonAddSub|PreProcess:pre_process|XorMux:\pretag:5:pre_XorInst2|TwoByOneMux:Mux1                      ; TwoByOneMux           ; work         ;
;             |AndGate:AndInst0|            ; 1 (1)               ; 0 (0)                     ; 0                 ; 0          ; 0    ; 0            ; |EightbitKogStonAddSub|PreProcess:pre_process|XorMux:\pretag:5:pre_XorInst2|TwoByOneMux:Mux1|AndGate:AndInst0     ; AndGate               ; work         ;
;             |OrGate:OrInst0|              ; 1 (1)               ; 0 (0)                     ; 0                 ; 0          ; 0    ; 0            ; |EightbitKogStonAddSub|PreProcess:pre_process|XorMux:\pretag:5:pre_XorInst2|TwoByOneMux:Mux1|OrGate:OrInst0       ; OrGate                ; work         ;
;       |XorMux:\pretag:6:pre_XorInst2|     ; 1 (0)               ; 0 (0)                     ; 0                 ; 0          ; 0    ; 0            ; |EightbitKogStonAddSub|PreProcess:pre_process|XorMux:\pretag:6:pre_XorInst2                                       ; XorMux                ; work         ;
;          |TwoByOneMux:Mux1|               ; 1 (0)               ; 0 (0)                     ; 0                 ; 0          ; 0    ; 0            ; |EightbitKogStonAddSub|PreProcess:pre_process|XorMux:\pretag:6:pre_XorInst2|TwoByOneMux:Mux1                      ; TwoByOneMux           ; work         ;
;             |OrGate:OrInst0|              ; 1 (1)               ; 0 (0)                     ; 0                 ; 0          ; 0    ; 0            ; |EightbitKogStonAddSub|PreProcess:pre_process|XorMux:\pretag:6:pre_XorInst2|TwoByOneMux:Mux1|OrGate:OrInst0       ; OrGate                ; work         ;
;       |XorMux:\pretag:7:pre_XorInst2|     ; 1 (0)               ; 0 (0)                     ; 0                 ; 0          ; 0    ; 0            ; |EightbitKogStonAddSub|PreProcess:pre_process|XorMux:\pretag:7:pre_XorInst2                                       ; XorMux                ; work         ;
;          |TwoByOneMux:Mux1|               ; 1 (0)               ; 0 (0)                     ; 0                 ; 0          ; 0    ; 0            ; |EightbitKogStonAddSub|PreProcess:pre_process|XorMux:\pretag:7:pre_XorInst2|TwoByOneMux:Mux1                      ; TwoByOneMux           ; work         ;
;             |OrGate:OrInst0|              ; 1 (1)               ; 0 (0)                     ; 0                 ; 0          ; 0    ; 0            ; |EightbitKogStonAddSub|PreProcess:pre_process|XorMux:\pretag:7:pre_XorInst2|TwoByOneMux:Mux1|OrGate:OrInst0       ; OrGate                ; work         ;
+-------------------------------------------+---------------------+---------------------------+-------------------+------------+------+--------------+-------------------------------------------------------------------------------------------------------------------+-----------------------+--------------+
Note: For table entries with two numbers listed, the numbers in parentheses indicate the number of resources of the given type used by the specific entity alone. The numbers listed outside of parentheses indicate the total resources of the given type used by the specific entity and all of its sub-entities in the hierarchy.


+------------------------------------------------------+
; General Register Statistics                          ;
+----------------------------------------------+-------+
; Statistic                                    ; Value ;
+----------------------------------------------+-------+
; Total registers                              ; 0     ;
; Number of registers using Synchronous Clear  ; 0     ;
; Number of registers using Synchronous Load   ; 0     ;
; Number of registers using Asynchronous Clear ; 0     ;
; Number of registers using Asynchronous Load  ; 0     ;
; Number of registers using Clock Enable       ; 0     ;
; Number of registers using Preset             ; 0     ;
+----------------------------------------------+-------+


+------------------------------------------------------------------------------------+
; Port Connectivity Checks: "Node:\level0:1:NodeInst0|OrMux:OrInst|TwoByOneMux:Mux0" ;
+------+-------+----------+----------------------------------------------------------+
; Port ; Type  ; Severity ; Details                                                  ;
+------+-------+----------+----------------------------------------------------------+
; i[1] ; Input ; Info     ; Stuck at VCC                                             ;
+------+-------+----------+----------------------------------------------------------+


+--------------------------------------------------------------------------------------------------+
; Port Connectivity Checks: "PreProcess:pre_process|AndMux:\pretag:0:pre_AndInst|TwoByOneMux:Mux0" ;
+------+-------+----------+------------------------------------------------------------------------+
; Port ; Type  ; Severity ; Details                                                                ;
+------+-------+----------+------------------------------------------------------------------------+
; i[0] ; Input ; Info     ; Stuck at GND                                                           ;
+------+-------+----------+------------------------------------------------------------------------+


+---------------------------------------------------------------------------------------------------+
; Port Connectivity Checks: "PreProcess:pre_process|XorMux:\pretag:0:pre_XorInst1|TwoByOneMux:Mux0" ;
+------+-------+----------+-------------------------------------------------------------------------+
; Port ; Type  ; Severity ; Details                                                                 ;
+------+-------+----------+-------------------------------------------------------------------------+
; i[1] ; Input ; Info     ; Stuck at GND                                                            ;
; i[0] ; Input ; Info     ; Stuck at VCC                                                            ;
+------+-------+----------+-------------------------------------------------------------------------+


+-----------------------------------------------------+
; Post-Synthesis Netlist Statistics for Top Partition ;
+-----------------------+-----------------------------+
; Type                  ; Count                       ;
+-----------------------+-----------------------------+
; arriav_lcell_comb     ; 35                          ;
;     normal            ; 35                          ;
;         2 data inputs ; 3                           ;
;         3 data inputs ; 8                           ;
;         4 data inputs ; 2                           ;
;         5 data inputs ; 19                          ;
;         6 data inputs ; 3                           ;
; boundary_port         ; 26                          ;
;                       ;                             ;
; Max LUT depth         ; 3.00                        ;
; Average LUT depth     ; 2.85                        ;
+-----------------------+-----------------------------+


+-------------------------------+
; Elapsed Time Per Partition    ;
+----------------+--------------+
; Partition Name ; Elapsed Time ;
+----------------+--------------+
; Top            ; 00:00:01     ;
+----------------+--------------+


+-------------------------------+
; Analysis & Synthesis Messages ;
+-------------------------------+


